<div id="root0" ng-version="16.2.4"><div>works</div></div>
